[backblue.gif]
[fade.gif]
[index.html]
[storage.googleapis.com/themevessel-products/neer/img/favicon.ico]
[storage.googleapis.com/themevessel-products/neer/js/ie-emulation-modes-warning.js]
[storage.googleapis.com/themevessel-products/neer/img/logos/black-logo.png]
[storage.googleapis.com/themevessel-products/neer/img/properties/properties-1.jpg]
[storage.googleapis.com/themevessel-products/neer/img/properties/properties-2.jpg]
[storage.googleapis.com/themevessel-products/neer/img/properties/properties-3.jpg]
[storage.googleapis.com/themevessel-products/neer/img/properties/properties-4.jpg]
[storage.googleapis.com/themevessel-products/neer/img/properties/properties-5.jpg]
[storage.googleapis.com/themevessel-products/neer/img/properties/properties-6.jpg]
[storage.googleapis.com/themevessel-products/neer/img/avatar/avatar-10.jpg]
[storage.googleapis.com/themevessel-products/neer/img/avatar/avatar-9.jpg]
[storage.googleapis.com/themevessel-products/neer/img/blog/blog-3.jpg]
[storage.googleapis.com/themevessel-products/neer/img/blog/blog-2.jpg]
[storage.googleapis.com/themevessel-products/neer/img/blog/blog-1.jpg]
[storage.googleapis.com/themevessel-products/neer/img/brand/brand-1.png]
[storage.googleapis.com/themevessel-products/neer/img/brand/brand-2.png]
[storage.googleapis.com/themevessel-products/neer/img/brand/brand-3.png]
[storage.googleapis.com/themevessel-products/neer/img/brand/brand-4.png]
[storage.googleapis.com/themevessel-products/neer/img/logos/logo.png]
[storage.googleapis.com/themevessel-products/neer/js/jquery-2.2.0.min.js]
[storage.googleapis.com/themevessel-products/neer/js/popper.min.js]
[storage.googleapis.com/themevessel-products/neer/js/bootstrap.min.js]
[storage.googleapis.com/themevessel-products/neer/js/bootstrap-submenu.js]
[storage.googleapis.com/themevessel-products/neer/js/rangeslider.js]
[storage.googleapis.com/themevessel-products/neer/js/jquery.mb.YTPlayer.js]
[storage.googleapis.com/themevessel-products/neer/js/bootstrap-select.min.js]
[storage.googleapis.com/themevessel-products/neer/js/jquery.easing.1.3.js]
[storage.googleapis.com/themevessel-products/neer/js/jquery.scrollUp.js]
[storage.googleapis.com/themevessel-products/neer/js/jquery.mCustomScrollbar.concat.min.js]
[storage.googleapis.com/themevessel-products/neer/js/leaflet.js]
[storage.googleapis.com/themevessel-products/neer/js/leaflet-providers.js]
[storage.googleapis.com/themevessel-products/neer/js/leaflet.markercluster.js]
[storage.googleapis.com/themevessel-products/neer/js/dropzone.js]
[storage.googleapis.com/themevessel-products/neer/js/slick.min.js]
[storage.googleapis.com/themevessel-products/neer/js/jquery.filterizr.js]
[storage.googleapis.com/themevessel-products/neer/js/jquery.magnific-popup.min.js]
[storage.googleapis.com/themevessel-products/neer/js/jquery.countdown.js]
[storage.googleapis.com/themevessel-products/neer/js/maps.js]
[storage.googleapis.com/themevessel-products/neer/js/app.js]
[storage.googleapis.com/themevessel-products/neer/js/ie10-viewport-bug-workaround.js]
[storage.googleapis.com/themevessel-products/neer/index-5.html]
[www.googletagmanager.com/gtm5445.html]
[storage.googleapis.com/themevessel-products/neer/css/bootstrap.min.css]
[storage.googleapis.com/themevessel-products/neer/css/animate.min.css]
[storage.googleapis.com/themevessel-products/neer/css/bootstrap-submenu.css]
[storage.googleapis.com/themevessel-products/neer/css/bootstrap-select.min.css]
[storage.googleapis.com/themevessel-products/neer/css/magnific-popup.css]
[storage.googleapis.com/themevessel-products/neer/css/leaflet.css]
[storage.googleapis.com/themevessel-products/neer/css/map.css]
[storage.googleapis.com/themevessel-products/neer/fonts/font-awesome/fonts/fontawesome-webfont3e6e.eot]
[storage.googleapis.com/themevessel-products/neer/fonts/font-awesome/fonts/fontawesome-webfontd41d.eot]
[storage.googleapis.com/themevessel-products/neer/fonts/font-awesome/fonts/fontawesome-webfont3e6e.woff2]
[storage.googleapis.com/themevessel-products/neer/fonts/font-awesome/fonts/fontawesome-webfont3e6e.woff]
[storage.googleapis.com/themevessel-products/neer/fonts/font-awesome/fonts/fontawesome-webfont3e6e.ttf]
[storage.googleapis.com/themevessel-products/neer/fonts/font-awesome/css/font-awesome.min.css]
[storage.googleapis.com/themevessel-products/neer/fonts/flaticon/font/Flaticon.eot]
[storage.googleapis.com/themevessel-products/neer/fonts/flaticon/font/Flaticon.woff]
[storage.googleapis.com/themevessel-products/neer/fonts/flaticon/font/Flaticond41d.eot]
[storage.googleapis.com/themevessel-products/neer/fonts/flaticon/font/Flaticon.ttf]
[storage.googleapis.com/themevessel-products/neer/fonts/flaticon/font/flaticon.css]
[storage.googleapis.com/themevessel-products/neer/fonts/linearicons/fonts/Linearicons-Free54e9.eot]
[storage.googleapis.com/themevessel-products/neer/fonts/linearicons/fonts/Linearicons-Freed41d.eot]
[storage.googleapis.com/themevessel-products/neer/fonts/linearicons/fonts/Linearicons-Free54e9.woff2]
[storage.googleapis.com/themevessel-products/neer/fonts/linearicons/fonts/Linearicons-Free54e9.woff]
[storage.googleapis.com/themevessel-products/neer/fonts/linearicons/fonts/Linearicons-Free54e9.ttf]
[storage.googleapis.com/themevessel-products/neer/fonts/linearicons/style.css]
[storage.googleapis.com/themevessel-products/neer/css/jquery.mCustomScrollbar.css]
[storage.googleapis.com/themevessel-products/neer/css/dropzone.css]
[storage.googleapis.com/themevessel-products/neer/css/slick.css]
[storage.googleapis.com/themevessel-products/neer/img/banner/banner-1.jpg]
[storage.googleapis.com/themevessel-products/neer/img/listings-parallax.jpg]
[storage.googleapis.com/themevessel-products/neer/img/banner/banner-2.jpg]
[storage.googleapis.com/themevessel-products/neer/img/popular-places/popular-places-1.jpg]
[storage.googleapis.com/themevessel-products/neer/img/popular-places/popular-places-2.jpg]
[storage.googleapis.com/themevessel-products/neer/img/popular-places/popular-places-3.jpg]
[storage.googleapis.com/themevessel-products/neer/img/popular-places/popular-places-4.jpg]
[storage.googleapis.com/themevessel-products/neer/img/popular-places/popular-places-5.jpg]
[storage.googleapis.com/themevessel-products/neer/img/banner/banner-3.jpg]
[storage.googleapis.com/themevessel-products/neer/img/loader.gif]
[storage.googleapis.com/themevessel-products/neer/css/style.css]
[storage.googleapis.com/themevessel-products/neer/css/skins/default.css]
[storage.googleapis.com/themevessel-products/neer/css/ie10-viewport-bug-workaround.css]
[storage.googleapis.com/themevessel-products/neer/index.html]
[storage.googleapis.com/themevessel-products/neer/index-2.html]
[storage.googleapis.com/themevessel-products/neer/index-3.html]
[www.google-analytics.com/analytics.js]
[storage.googleapis.com/themevessel-products/neer/index-4.html]
[storage.googleapis.com/themevessel-products/neer/img/properties/properties-list-1.jpg]
[storage.googleapis.com/themevessel-products/neer/img/properties/properties-list-2.jpg]
[storage.googleapis.com/themevessel-products/neer/img/properties/properties-list-3.jpg]
[storage.googleapis.com/themevessel-products/neer/img/properties/properties-list-4.jpg]
[storage.googleapis.com/themevessel-products/neer/img/properties/properties-list-5.jpg]
[storage.googleapis.com/themevessel-products/neer/img/properties/small-properties-1.jpg]
[storage.googleapis.com/themevessel-products/neer/img/properties/small-properties-2.jpg]
[storage.googleapis.com/themevessel-products/neer/img/properties/small-properties-3.jpg]
[storage.googleapis.com/themevessel-products/neer/img/avatar/avatar-7.jpg]
[storage.googleapis.com/themevessel-products/neer/img/avatar/avatar-6.jpg]
[storage.googleapis.com/themevessel-products/neer/img/avatar/avatar-5.jpg]
[storage.googleapis.com/themevessel-products/neer/properties-list-rightside.html]
[storage.googleapis.com/themevessel-products/neer/properties-list-leftsidebar.html]
[storage.googleapis.com/themevessel-products/neer/properties-list-fullwidth.html]
[storage.googleapis.com/themevessel-products/neer/properties-grid-rightside.html]
[storage.googleapis.com/themevessel-products/neer/properties-grid-leftside.html]
[storage.googleapis.com/themevessel-products/neer/properties-grid-fullwidth.html]
[storage.googleapis.com/themevessel-products/neer/properties-map-rightside-list.html]
[storage.googleapis.com/themevessel-products/neer/properties-map-leftside-list.html]
[storage.googleapis.com/themevessel-products/neer/properties-map-rightside-grid.html]
[storage.googleapis.com/themevessel-products/neer/properties-map-leftside-grid.html]
[storage.googleapis.com/themevessel-products/neer/properties-map-full.html]
[storage.googleapis.com/themevessel-products/neer/img/floor-plans.png]
[storage.googleapis.com/themevessel-products/neer/properties-details.html]
[storage.googleapis.com/themevessel-products/neer/img/avatar/avatar-1.jpg]
[storage.googleapis.com/themevessel-products/neer/img/avatar/avatar-2.jpg]
[storage.googleapis.com/themevessel-products/neer/img/avatar/avatar-3.jpg]
[storage.googleapis.com/themevessel-products/neer/img/avatar/avatar-4.jpg]
[storage.googleapis.com/themevessel-products/neer/properties-details-2.html]
[storage.googleapis.com/themevessel-products/neer/agent-list.html]
[storage.googleapis.com/themevessel-products/neer/img/avatar/avatar-8.jpg]
[storage.googleapis.com/themevessel-products/neer/agent-grid.html]
[storage.googleapis.com/themevessel-products/neer/agent-detail.html]
[storage.googleapis.com/themevessel-products/neer/img/avatar/avatar-10.png]
[storage.googleapis.com/themevessel-products/neer/about.html]
[storage.googleapis.com/themevessel-products/neer/img/service/service-1.jpg]
[storage.googleapis.com/themevessel-products/neer/img/service/service-2.jpg]
[storage.googleapis.com/themevessel-products/neer/img/service/service-4.jpg]
[storage.googleapis.com/themevessel-products/neer/services.html]
[storage.googleapis.com/themevessel-products/neer/elements.html]
[storage.googleapis.com/themevessel-products/neer/pricing-tables.html]
[storage.googleapis.com/themevessel-products/neer/properties-comparison.html]
[storage.googleapis.com/themevessel-products/neer/img/brand/brand-5.png]
[storage.googleapis.com/themevessel-products/neer/search-brand.html]
[storage.googleapis.com/themevessel-products/neer/gallery-3column.html]
[storage.googleapis.com/themevessel-products/neer/gallery-4column.html]
[storage.googleapis.com/themevessel-products/neer/typography.html]
[storage.googleapis.com/themevessel-products/neer/faq.html]
[storage.googleapis.com/themevessel-products/neer/icon.html]
[storage.googleapis.com/themevessel-products/neer/contact.html]
[storage.googleapis.com/themevessel-products/neer/coming-soon.html]
[storage.googleapis.com/themevessel-products/neer/404.html]
[storage.googleapis.com/themevessel-products/neer/blog-columns-2col.html]
[storage.googleapis.com/themevessel-products/neer/blog-columns-3col.html]
[storage.googleapis.com/themevessel-products/neer/blog-classic-sidebar-right.html]
[storage.googleapis.com/themevessel-products/neer/blog-classic-sidebar-left.html]
[storage.googleapis.com/themevessel-products/neer/blog-classic-fullwidth.html]
[storage.googleapis.com/themevessel-products/neer/blog-single-sidebar-right.html]
[storage.googleapis.com/themevessel-products/neer/blog-single-sidebar-left.html]
[storage.googleapis.com/themevessel-products/neer/blog-single-fullwidth.html]
[storage.googleapis.com/themevessel-products/neer/img/black-logo.png]
[storage.googleapis.com/themevessel-products/neer/login.html]
[storage.googleapis.com/themevessel-products/neer/signup.html]
[storage.googleapis.com/themevessel-products/neer/forgot-password.html]
[storage.googleapis.com/themevessel-products/neer/dashboard.html]
[storage.googleapis.com/themevessel-products/neer/my-profile.html]
[storage.googleapis.com/themevessel-products/neer/my-properties.html]
[storage.googleapis.com/themevessel-products/neer/my-invoices.html]
[storage.googleapis.com/themevessel-products/neer/favorited-properties.html]
[storage.googleapis.com/themevessel-products/neer/messages.html]
[storage.googleapis.com/themevessel-products/neer/bookings.html]
[storage.googleapis.com/themevessel-products/neer/submit-property.html]
[storage.googleapis.com/themevessel-products/neer/css/images/layers.png]
[storage.googleapis.com/themevessel-products/neer/css/images/layers-2x.png]
[storage.googleapis.com/themevessel-products/neer/fonts/font-awesome/fonts/fontawesome-webfont3e6e.svg]
[storage.googleapis.com/themevessel-products/neer/fonts/flaticon/font/Flaticon.svg]
[storage.googleapis.com/themevessel-products/neer/fonts/linearicons/fonts/Linearicons-Free54e9.svg]
[storage.googleapis.com/themevessel-products/neer/css/mCSB_buttons.png]
[storage.googleapis.com/themevessel-products/neer/img/slider-detail.png]
